MVHATSPLLLLLLLSLALVAPSLSARKCSLTGEWDNDLGSIMTIGAVNDNGEFDGTYITAVADNPGNITLSPLLGIQHKRASQPTFGFTVHWNFSESTSVFVGQCFVDRSGKEVLKTKWLQRLAVDDISDDWIATRVGNNDFTRQHTVEE*
MVHATSPLLLLLLLSLALVAPSLSARKCSLTGEWDNDLGSIMTIGAVNDNGEFDGTYITAVADNPGNITLSPLLGIQHKRASQPTFGFTVHWNFSESTSVFVGQCFVDRSGKEVLKTKWLQRLAVDDISDDWIATRVGNNDFTRQHTVEE*
MVHATSPLLLLLLLSLALVAPSLSARKCSLTGEWDNDLGSIMTIGAVNDNGEFDGTYITAVADNPGNITLSPLLGIQHKRASQPTFGFTVHWNFSESTSVFVGQCFVDRSGKEVLKTKWLQRLAVDDISDDWIATRVGNNDFTRQHTVEE*
MVHATSPLLLLLLLSLALVAPSLSARKCSLTGEWDNDLGSIMTIGAVNDNGEFDGTYITAVADNPGNITLSPLLGIQHKRASQPTFGFTVHWNFSESTSVFVGQCFVDRSGKEVLKTKWLQRLAVDDISDDWIATRVGNNDFTRQHTVEE*
MVHATSPLLLLLLLSLALVAPSLSARKCSLTGEWDNDLGSIMTIGAVNDNGEFDGTYITAVADNPGNITLSPLLGIQHKRASQPTFGFTVHWNFSESTSVFVGQCFVDRSGKEVLKTKWLQRLAVDDISDDWIATRVGNNDFTRQHTVEE*
MVHATSPLLLLLLLSLALVAPSLSARKCSLTGEWDNDLGSIMTIGAVNDNGEFDGTYITAVADNPGNITLSPLLGIQHKRASQPTFGFTVHWNFSESTSVFVGQCFVDRSGKEVLKTKWLQRLAVDDISDDWIATRVGNNDFTRQHTVEE*
